create extension pgq_ext;
select array_length(extconfig, 1) as dumpable from pg_catalog.pg_extension where extname = 'pgq_ext';
 dumpable 
----------
        4
(1 row)

